Copyright 1986-2022 Xilinx, Inc. All Rights Reserved.
---------------------------------------------------------------------------------------------------------------------------------------------------------------------------------------------------------------------------------------------------------------------------------------------------------------------------------------------------------------------------------------------------------------------------------------------------------------
| Tool Version : Vivado v.2022.1.2 (lin64) Build 3605665 Fri Aug  5 22:52:02 MDT 2022
| Date         : Fri Dec  8 07:22:06 2023
| Host         : brg-zhang-xcel.ece.cornell.edu running 64-bit CentOS Linux release 7.9.2009 (Core)
| Command      : report_accelerator_utilization -kernels { Bert_layer_dataflow_region_1:level0_i/ulp/Bert_layer_dataflow_region_1_1/inst:Bert_layer_dataflow_region_1_1 Bert_layer_dataflow_region_2:level0_i/ulp/Bert_layer_dataflow_region_2_1/inst:Bert_layer_dataflow_region_2_1 Bert_layer_dataflow_region_3:level0_i/ulp/Bert_layer_dataflow_region_3_1/inst:Bert_layer_dataflow_region_3_1} -file kernel_util_placed.rpt -name kernel_util_placed -json
| Design       : level0_wrapper
| Device       : xcu280
| Design State : Fully Placed
---------------------------------------------------------------------------------------------------------------------------------------------------------------------------------------------------------------------------------------------------------------------------------------------------------------------------------------------------------------------------------------------------------------------------------------------------------------

Accelerator Utilization Design Information

Table of Contents
-----------------
1. System Utilization

1. System Utilization
---------------------

+-----------------------------------+-------------------+------------------+-------------------+----------------+---------------+----------------+
| Name                              | LUT               | LUTAsMem         | REG               | BRAM           | URAM          | DSP            |
+-----------------------------------+-------------------+------------------+-------------------+----------------+---------------+----------------+
| Platform                          |  132865 [ 10.19%] |  14363 [  2.39%] |  204931 [  7.86%] |  197 [  9.77%] |   0 [  0.00%] |    4 [  0.04%] |
| User Budget                       | 1170815 [100.00%] | 586597 [100.00%] | 2402429 [100.00%] | 1819 [100.00%] | 960 [100.00%] | 9020 [100.00%] |
|    Used Resources                 |  479685 [ 40.97%] |  45809 [  7.81%] |  495251 [ 20.61%] |  204 [ 11.21%] |  78 [  8.13%] | 1790 [ 19.84%] |
|    Unused Resources               |  691130 [ 59.03%] | 540788 [ 92.19%] | 1907178 [ 79.39%] | 1615 [ 88.79%] | 882 [ 91.88%] | 7230 [ 80.16%] |
| Bert_layer_dataflow_region_1      |  110996 [  9.48%] |  11106 [  1.89%] |  112006 [  4.66%] |   65 [  3.57%] |   3 [  0.31%] |  384 [  4.26%] |
|    Bert_layer_dataflow_region_1_1 |  110996 [  9.48%] |  11106 [  1.89%] |  112006 [  4.66%] |   65 [  3.57%] |   3 [  0.31%] |  384 [  4.26%] |
| Bert_layer_dataflow_region_2      |  170154 [ 14.53%] |  12780 [  2.18%] |  179656 [  7.48%] |   64 [  3.52%] |  33 [  3.44%] |  678 [  7.52%] |
|    Bert_layer_dataflow_region_2_1 |  170154 [ 14.53%] |  12780 [  2.18%] |  179656 [  7.48%] |   64 [  3.52%] |  33 [  3.44%] |  678 [  7.52%] |
| Bert_layer_dataflow_region_3      |  198535 [ 16.96%] |  21923 [  3.74%] |  203589 [  8.47%] |   75 [  4.12%] |  42 [  4.38%] |  728 [  8.07%] |
|    Bert_layer_dataflow_region_3_1 |  198535 [ 16.96%] |  21923 [  3.74%] |  203589 [  8.47%] |   75 [  4.12%] |  42 [  4.38%] |  728 [  8.07%] |
+-----------------------------------+-------------------+------------------+-------------------+----------------+---------------+----------------+


