Copyright 1986-2022 Xilinx, Inc. All Rights Reserved.
----------------------------------------------------------------------------------------------------
| Tool Version : Vivado v.2022.1.2 (lin64) Build 3605665 Fri Aug  5 22:52:02 MDT 2022
| Date         : Fri Dec  8 07:23:13 2023
| Host         : brg-zhang-xcel.ece.cornell.edu running 64-bit CentOS Linux release 7.9.2009 (Core)
| Command      : report_utilization -slr -file slr_util_placed.rpt -pb slr_util_placed.pb
| Design       : level0_wrapper
| Device       : xcu280-fsvh2892-2L-e
| Speed File   : -2L
| Design State : Fully Placed
----------------------------------------------------------------------------------------------------

Utilization Design Information

Table of Contents
-----------------
1. SLR Connectivity
2. SLR Connectivity Matrix
3. SLR CLB Logic and Dedicated Block Utilization
4. SLR IO Utilization

1. SLR Connectivity
-------------------

+----------------------------------+-------+-------+-----------+-------+
|                                  |  Used | Fixed | Available | Util% |
+----------------------------------+-------+-------+-----------+-------+
| SLR2 <-> SLR1                    |  6460 |       |     23040 | 28.04 |
|   SLR1 -> SLR2                   |  3399 |       |           | 14.75 |
|     Using TX_REG only            |     0 |     0 |           |       |
|     Using RX_REG only            |     0 |     0 |           |       |
|     Using Both TX_REG and RX_REG |     0 |     0 |           |       |
|   SLR2 -> SLR1                   |  3061 |       |           | 13.29 |
|     Using TX_REG only            |     0 |     0 |           |       |
|     Using RX_REG only            |     0 |     0 |           |       |
|     Using Both TX_REG and RX_REG |     0 |     0 |           |       |
| SLR1 <-> SLR0                    |  9266 |       |     23040 | 40.22 |
|   SLR0 -> SLR1                   |  4769 |       |           | 20.70 |
|     Using TX_REG only            |     0 |     0 |           |       |
|     Using RX_REG only            |     0 |     0 |           |       |
|     Using Both TX_REG and RX_REG |     0 |     0 |           |       |
|   SLR1 -> SLR0                   |  4497 |       |           | 19.52 |
|     Using TX_REG only            |     0 |     0 |           |       |
|     Using RX_REG only            |     0 |     0 |           |       |
|     Using Both TX_REG and RX_REG |     0 |     0 |           |       |
+----------------------------------+-------+-------+-----------+-------+
| Total SLLs Used                  | 15726 |       |           |       |
+----------------------------------+-------+-------+-----------+-------+


2. SLR Connectivity Matrix
--------------------------

+-----------+------+------+------+
| FROM \ TO | SLR2 | SLR1 | SLR0 |
+-----------+------+------+------+
| SLR2      |    0 | 2969 |   92 |
| SLR1      | 3333 |    0 | 4405 |
| SLR0      |   66 | 4703 |    0 |
+-----------+------+------+------+


3. SLR CLB Logic and Dedicated Block Utilization
------------------------------------------------

+----------------------------+--------+--------+--------+--------+--------+--------+
|          Site Type         |  SLR0  |  SLR1  |  SLR2  | SLR0 % | SLR1 % | SLR2 % |
+----------------------------+--------+--------+--------+--------+--------+--------+
| CLB                        |  34268 |  44205 |  45139 |  62.35 |  81.86 |  83.59 |
|   CLBL                     |  17470 |  23368 |  23824 |  59.67 |  79.81 |  81.37 |
|   CLBM                     |  16798 |  20837 |  21315 |  65.41 |  84.29 |  86.23 |
| CLB LUTs                   | 148436 | 234986 | 229069 |  33.76 |  54.39 |  53.03 |
|   LUT as Logic             | 131447 | 217370 | 203502 |  29.90 |  50.32 |  47.11 |
|     using O5 output only   |   2606 |   2102 |   2400 |   0.59 |   0.49 |   0.56 |
|     using O6 output only   | 104624 | 174308 | 165047 |  23.80 |  40.35 |  38.21 |
|     using O5 and O6        |  24217 |  40960 |  36055 |   5.51 |   9.48 |   8.35 |
|   LUT as Memory            |  16989 |  17616 |  25567 |   8.27 |   8.91 |  12.93 |
|     LUT as Distributed RAM |   2962 |   4430 |   1876 |   1.44 |   2.24 |   0.95 |
|       using O5 output only |      0 |      0 |      0 |   0.00 |   0.00 |   0.00 |
|       using O6 output only |    264 |    390 |      8 |   0.13 |   0.20 |  <0.01 |
|       using O5 and O6      |   2698 |   4040 |   1868 |   1.31 |   2.04 |   0.94 |
|     LUT as Shift Register  |  14027 |  13186 |  23691 |   6.83 |   6.67 |  11.98 |
|       using O5 output only |      0 |      0 |      0 |   0.00 |   0.00 |   0.00 |
|       using O6 output only |   5443 |   4485 |  15308 |   2.65 |   2.27 |   7.74 |
|       using O5 and O6      |   8584 |   8701 |   8383 |   4.18 |   4.40 |   4.24 |
| CLB Registers              | 183936 | 266275 | 249971 |  20.92 |  30.82 |  28.93 |
| CARRY8                     |   3949 |  11225 |  10931 |   7.19 |  20.79 |  20.24 |
| F7 Muxes                   |   2311 |   2962 |   2764 |   1.05 |   1.37 |   1.28 |
| F8 Muxes                   |    126 |    344 |    468 |   0.11 |   0.32 |   0.43 |
| F9 Muxes                   |      0 |      0 |      0 |   0.00 |   0.00 |   0.00 |
| Block RAM Tile             |  130.5 |  146.5 |    125 |  19.42 |  21.80 |  18.60 |
|   RAMB36/FIFO              |    106 |    129 |    108 |  15.77 |  19.20 |  16.07 |
|     RAMB36E2 only          |    106 |    129 |    108 |  15.77 |  19.20 |  16.07 |
|   RAMB18                   |     49 |     35 |     34 |   3.65 |   2.60 |   2.53 |
|     RAMB18E2 only          |     49 |     35 |     34 |   3.65 |   2.60 |   2.53 |
| URAM                       |      3 |     33 |     42 |   0.94 |  10.31 |  13.13 |
| DSPs                       |    384 |    678 |    732 |  13.33 |  22.07 |  23.83 |
| Unique Control Sets        |   5325 |   7458 |   5918 |   4.84 |   6.91 |   5.48 |
+----------------------------+--------+--------+--------+--------+--------+--------+
* Note: Available Control Sets based on CLB Registers / 8


4. SLR IO Utilization
---------------------

+-----------+-----------+---------+------------+----------+------------+----------+-----+
| SLR Index | Used IOBs | (%)IOBs | Used IPADs | (%)IPADs | Used OPADs | (%)OPADs | GTs |
+-----------+-----------+---------+------------+----------+------------+----------+-----+
| SLR2      |        15 |    7.21 |          0 |     0.00 |          0 |     0.00 |   0 |
| SLR1      |         0 |    0.00 |          0 |     0.00 |          0 |     0.00 |   0 |
| SLR0      |         1 |    0.48 |          0 |     0.00 |          0 |     0.00 |  16 |
+-----------+-----------+---------+------------+----------+------------+----------+-----+
| Total     |        16 |         |          0 |          |          0 |          |  16 |
+-----------+-----------+---------+------------+----------+------------+----------+-----+


