Copyright 1986-2022 Xilinx, Inc. All Rights Reserved.
----------------------------------------------------------------------------------------------------
| Tool Version : Vivado v.2022.1.2 (lin64) Build 3605665 Fri Aug  5 22:52:02 MDT 2022
| Date         : Sat Dec  9 17:11:29 2023
| Host         : brg-zhang-xcel.ece.cornell.edu running 64-bit CentOS Linux release 7.9.2009 (Core)
| Command      : report_utilization -slr -file slr_util_routed.rpt -pb slr_util_routed.pb
| Design       : level0_wrapper
| Device       : xcu280-fsvh2892-2L-e
| Speed File   : -2L
| Design State : Routed
----------------------------------------------------------------------------------------------------

Utilization Design Information

Table of Contents
-----------------
1. SLR Connectivity
2. SLR Connectivity Matrix
3. SLR CLB Logic and Dedicated Block Utilization
4. SLR IO Utilization

1. SLR Connectivity
-------------------

+----------------------------------+-------+-------+-----------+-------+
|                                  |  Used | Fixed | Available | Util% |
+----------------------------------+-------+-------+-----------+-------+
| SLR2 <-> SLR1                    |  6461 |       |     23040 | 28.04 |
|   SLR1 -> SLR2                   |  3400 |       |           | 14.76 |
|     Using TX_REG only            |     0 |     0 |           |       |
|     Using RX_REG only            |     0 |     0 |           |       |
|     Using Both TX_REG and RX_REG |     0 |     0 |           |       |
|   SLR2 -> SLR1                   |  3061 |       |           | 13.29 |
|     Using TX_REG only            |     0 |     0 |           |       |
|     Using RX_REG only            |     0 |     0 |           |       |
|     Using Both TX_REG and RX_REG |     0 |     0 |           |       |
| SLR1 <-> SLR0                    |  9264 |       |     23040 | 40.21 |
|   SLR0 -> SLR1                   |  4769 |       |           | 20.70 |
|     Using TX_REG only            |     0 |     0 |           |       |
|     Using RX_REG only            |     0 |     0 |           |       |
|     Using Both TX_REG and RX_REG |     0 |     0 |           |       |
|   SLR1 -> SLR0                   |  4495 |       |           | 19.51 |
|     Using TX_REG only            |     0 |     0 |           |       |
|     Using RX_REG only            |     0 |     0 |           |       |
|     Using Both TX_REG and RX_REG |     0 |     0 |           |       |
+----------------------------------+-------+-------+-----------+-------+
| Total SLLs Used                  | 15725 |       |           |       |
+----------------------------------+-------+-------+-----------+-------+


2. SLR Connectivity Matrix
--------------------------

+-----------+------+------+------+
| FROM \ TO | SLR2 | SLR1 | SLR0 |
+-----------+------+------+------+
| SLR2      |    0 | 2969 |   92 |
| SLR1      | 3333 |    0 | 4403 |
| SLR0      |   67 | 4702 |    0 |
+-----------+------+------+------+


3. SLR CLB Logic and Dedicated Block Utilization
------------------------------------------------

+----------------------------+--------+--------+--------+--------+--------+--------+
|          Site Type         |  SLR0  |  SLR1  |  SLR2  | SLR0 % | SLR1 % | SLR2 % |
+----------------------------+--------+--------+--------+--------+--------+--------+
| CLB                        |  34696 |  46431 |  46217 |  63.13 |  85.98 |  85.59 |
|   CLBL                     |  17794 |  24582 |  24388 |  60.77 |  83.95 |  83.29 |
|   CLBM                     |  16902 |  21849 |  21829 |  65.82 |  88.39 |  88.31 |
| CLB LUTs                   | 148992 | 239357 | 235202 |  33.89 |  55.41 |  54.44 |
|   LUT as Logic             | 131119 | 220975 | 209545 |  29.82 |  51.15 |  48.51 |
|     using O5 output only   |   2710 |   2378 |   2544 |   0.62 |   0.55 |   0.59 |
|     using O6 output only   | 102139 | 179550 | 175321 |  23.23 |  41.56 |  40.58 |
|     using O5 and O6        |  26270 |  39047 |  31680 |   5.97 |   9.04 |   7.33 |
|   LUT as Memory            |  17873 |  18382 |  25657 |   8.70 |   9.30 |  12.97 |
|     LUT as Distributed RAM |   3042 |   4350 |   1876 |   1.48 |   2.20 |   0.95 |
|       using O5 output only |      0 |      0 |      0 |   0.00 |   0.00 |   0.00 |
|       using O6 output only |    264 |    390 |      8 |   0.13 |   0.20 |  <0.01 |
|       using O5 and O6      |   2778 |   3960 |   1868 |   1.35 |   2.00 |   0.94 |
|     LUT as Shift Register  |  14831 |  14032 |  23781 |   7.22 |   7.10 |  12.03 |
|       using O5 output only |      0 |      0 |      0 |   0.00 |   0.00 |   0.00 |
|       using O6 output only |   5383 |   4476 |  15398 |   2.62 |   2.26 |   7.79 |
|       using O5 and O6      |   9448 |   9556 |   8383 |   4.60 |   4.83 |   4.24 |
| CLB Registers              | 184859 | 267537 | 250442 |  21.02 |  30.96 |  28.99 |
| CARRY8                     |   4135 |  11498 |  11274 |   7.52 |  21.29 |  20.88 |
| F7 Muxes                   |   2509 |   3023 |   2895 |   1.14 |   1.40 |   1.34 |
| F8 Muxes                   |    126 |    344 |    724 |   0.11 |   0.32 |   0.67 |
| F9 Muxes                   |      0 |      0 |      0 |   0.00 |   0.00 |   0.00 |
| Block RAM Tile             |  133.5 |  147.5 |  123.5 |  19.87 |  21.95 |  18.38 |
|   RAMB36/FIFO              |    106 |    129 |    105 |  15.77 |  19.20 |  15.63 |
|     RAMB36E2 only          |    106 |    129 |    105 |  15.77 |  19.20 |  15.63 |
|   RAMB18                   |     55 |     37 |     37 |   4.09 |   2.75 |   2.75 |
|     RAMB18E2 only          |     55 |     37 |     37 |   4.09 |   2.75 |   2.75 |
| URAM                       |      3 |     49 |     34 |   0.94 |  15.31 |  10.63 |
| DSPs                       |    384 |    678 |    732 |  13.33 |  22.07 |  23.83 |
| Unique Control Sets        |   5352 |   7467 |   5942 |   4.87 |   6.91 |   5.50 |
+----------------------------+--------+--------+--------+--------+--------+--------+
* Note: Available Control Sets based on CLB Registers / 8


4. SLR IO Utilization
---------------------

+-----------+-----------+---------+------------+----------+------------+----------+-----+
| SLR Index | Used IOBs | (%)IOBs | Used IPADs | (%)IPADs | Used OPADs | (%)OPADs | GTs |
+-----------+-----------+---------+------------+----------+------------+----------+-----+
| SLR2      |        15 |    7.21 |          0 |     0.00 |          0 |     0.00 |   0 |
| SLR1      |         0 |    0.00 |          0 |     0.00 |          0 |     0.00 |   0 |
| SLR0      |         1 |    0.48 |          0 |     0.00 |          0 |     0.00 |  16 |
+-----------+-----------+---------+------------+----------+------------+----------+-----+
| Total     |        16 |         |          0 |          |          0 |          |  16 |
+-----------+-----------+---------+------------+----------+------------+----------+-----+


