Copyright 1986-2022 Xilinx, Inc. All Rights Reserved.
---------------------------------------------------------------------------------------------------------------------------------------------------------------------------------------------------------------------------------------------------------------------------------------------------------------------------------------------------------------------------------------------------------------------------------------------------------------
| Tool Version : Vivado v.2022.1.2 (lin64) Build 3605665 Fri Aug  5 22:52:02 MDT 2022
| Date         : Sat Dec  9 06:19:26 2023
| Host         : brg-zhang-xcel.ece.cornell.edu running 64-bit CentOS Linux release 7.9.2009 (Core)
| Command      : report_accelerator_utilization -kernels { Bert_layer_dataflow_region_1:level0_i/ulp/Bert_layer_dataflow_region_1_1/inst:Bert_layer_dataflow_region_1_1 Bert_layer_dataflow_region_2:level0_i/ulp/Bert_layer_dataflow_region_2_1/inst:Bert_layer_dataflow_region_2_1 Bert_layer_dataflow_region_3:level0_i/ulp/Bert_layer_dataflow_region_3_1/inst:Bert_layer_dataflow_region_3_1} -file kernel_util_routed.rpt -name kernel_util_routed -json
| Design       : level0_wrapper
| Device       : xcu280
| Design State : Routed
---------------------------------------------------------------------------------------------------------------------------------------------------------------------------------------------------------------------------------------------------------------------------------------------------------------------------------------------------------------------------------------------------------------------------------------------------------------

Accelerator Utilization Design Information

Table of Contents
-----------------
1. System Utilization

1. System Utilization
---------------------

+-----------------------------------+-------------------+------------------+-------------------+----------------+---------------+----------------+
| Name                              | LUT               | LUTAsMem         | REG               | BRAM           | URAM          | DSP            |
+-----------------------------------+-------------------+------------------+-------------------+----------------+---------------+----------------+
| Platform                          |  132911 [ 10.20%] |  14363 [  2.39%] |  204934 [  7.86%] |  197 [  9.77%] |   0 [  0.00%] |    4 [  0.04%] |
| User Budget                       | 1170769 [100.00%] | 586597 [100.00%] | 2402426 [100.00%] | 1819 [100.00%] | 960 [100.00%] | 9020 [100.00%] |
|    Used Resources                 |  545473 [ 46.59%] |  46621 [  7.95%] |  531619 [ 22.13%] |  452 [ 24.85%] | 298 [ 31.04%] | 1662 [ 18.43%] |
|    Unused Resources               |  625296 [ 53.41%] | 539976 [ 92.05%] | 1870807 [ 77.87%] | 1367 [ 75.15%] | 662 [ 68.96%] | 7358 [ 81.57%] |
| Bert_layer_dataflow_region_1      |  113078 [  9.66%] |  11106 [  1.89%] |  112765 [  4.69%] |  111 [  6.10%] |   0 [  0.00%] |  384 [  4.26%] |
|    Bert_layer_dataflow_region_1_1 |  113078 [  9.66%] |  11106 [  1.89%] |  112765 [  4.69%] |  111 [  6.10%] |   0 [  0.00%] |  384 [  4.26%] |
| Bert_layer_dataflow_region_2      |  224925 [ 19.21%] |  13594 [  2.32%] |  212762 [  8.86%] |   59 [  3.24%] | 151 [ 15.73%] |  550 [  6.10%] |
|    Bert_layer_dataflow_region_2_1 |  224925 [ 19.21%] |  13594 [  2.32%] |  212762 [  8.86%] |   59 [  3.24%] | 151 [ 15.73%] |  550 [  6.10%] |
| Bert_layer_dataflow_region_3      |  207470 [ 17.72%] |  21921 [  3.74%] |  206092 [  8.58%] |  282 [ 15.50%] | 147 [ 15.31%] |  728 [  8.07%] |
|    Bert_layer_dataflow_region_3_1 |  207470 [ 17.72%] |  21921 [  3.74%] |  206092 [  8.58%] |  282 [ 15.50%] | 147 [ 15.31%] |  728 [  8.07%] |
+-----------------------------------+-------------------+------------------+-------------------+----------------+---------------+----------------+


