Copyright 1986-2022 Xilinx, Inc. All Rights Reserved.
----------------------------------------------------------------------------------------------------
| Tool Version : Vivado v.2022.1.2 (lin64) Build 3605665 Fri Aug  5 22:52:02 MDT 2022
| Date         : Sat Dec  9 06:21:17 2023
| Host         : brg-zhang-xcel.ece.cornell.edu running 64-bit CentOS Linux release 7.9.2009 (Core)
| Command      : report_utilization -slr -file slr_util_routed.rpt -pb slr_util_routed.pb
| Design       : level0_wrapper
| Device       : xcu280-fsvh2892-2L-e
| Speed File   : -2L
| Design State : Routed
----------------------------------------------------------------------------------------------------

Utilization Design Information

Table of Contents
-----------------
1. SLR Connectivity
2. SLR Connectivity Matrix
3. SLR CLB Logic and Dedicated Block Utilization
4. SLR IO Utilization

1. SLR Connectivity
-------------------

+----------------------------------+-------+-------+-----------+-------+
|                                  |  Used | Fixed | Available | Util% |
+----------------------------------+-------+-------+-----------+-------+
| SLR2 <-> SLR1                    |  6461 |       |     23040 | 28.04 |
|   SLR1 -> SLR2                   |  3400 |       |           | 14.76 |
|     Using TX_REG only            |     0 |     0 |           |       |
|     Using RX_REG only            |     0 |     0 |           |       |
|     Using Both TX_REG and RX_REG |     0 |     0 |           |       |
|   SLR2 -> SLR1                   |  3061 |       |           | 13.29 |
|     Using TX_REG only            |     0 |     0 |           |       |
|     Using RX_REG only            |     0 |     0 |           |       |
|     Using Both TX_REG and RX_REG |     0 |     0 |           |       |
| SLR1 <-> SLR0                    |  9268 |       |     23040 | 40.23 |
|   SLR0 -> SLR1                   |  4769 |       |           | 20.70 |
|     Using TX_REG only            |     0 |     0 |           |       |
|     Using RX_REG only            |     0 |     0 |           |       |
|     Using Both TX_REG and RX_REG |     0 |     0 |           |       |
|   SLR1 -> SLR0                   |  4499 |       |           | 19.53 |
|     Using TX_REG only            |     0 |     0 |           |       |
|     Using RX_REG only            |     0 |     0 |           |       |
|     Using Both TX_REG and RX_REG |     0 |     0 |           |       |
+----------------------------------+-------+-------+-----------+-------+
| Total SLLs Used                  | 15729 |       |           |       |
+----------------------------------+-------+-------+-----------+-------+


2. SLR Connectivity Matrix
--------------------------

+-----------+------+------+------+
| FROM \ TO | SLR2 | SLR1 | SLR0 |
+-----------+------+------+------+
| SLR2      |    0 | 2969 |   92 |
| SLR1      | 3333 |    0 | 4407 |
| SLR0      |   67 | 4702 |    0 |
+-----------+------+------+------+


3. SLR CLB Logic and Dedicated Block Utilization
------------------------------------------------

+----------------------------+--------+--------+--------+--------+--------+--------+
|          Site Type         |  SLR0  |  SLR1  |  SLR2  | SLR0 % | SLR1 % | SLR2 % |
+----------------------------+--------+--------+--------+--------+--------+--------+
| CLB                        |  35573 |  49908 |  47020 |  64.73 |  92.42 |  87.07 |
|   CLBL                     |  18250 |  26429 |  24916 |  62.33 |  90.26 |  85.10 |
|   CLBM                     |  17323 |  23479 |  22104 |  67.46 |  94.98 |  89.42 |
| CLB LUTs                   | 150689 | 289584 | 238047 |  34.27 |  67.03 |  55.10 |
|   LUT as Logic             | 133548 | 271306 | 212482 |  30.37 |  62.80 |  49.19 |
|     using O5 output only   |   2931 |   2294 |   2766 |   0.67 |   0.53 |   0.64 |
|     using O6 output only   | 109434 | 231015 | 178683 |  24.89 |  53.48 |  41.36 |
|     using O5 and O6        |  21183 |  37997 |  31033 |   4.82 |   8.80 |   7.18 |
|   LUT as Memory            |  17141 |  18278 |  25565 |   8.34 |   9.24 |  12.93 |
|     LUT as Distributed RAM |   3114 |   4278 |   1876 |   1.52 |   2.16 |   0.95 |
|       using O5 output only |      0 |      0 |      0 |   0.00 |   0.00 |   0.00 |
|       using O6 output only |    264 |    390 |      8 |   0.13 |   0.20 |  <0.01 |
|       using O5 and O6      |   2850 |   3888 |   1868 |   1.39 |   1.97 |   0.94 |
|     LUT as Shift Register  |  14027 |  14000 |  23689 |   6.83 |   7.08 |  11.98 |
|       using O5 output only |      0 |      1 |      2 |   0.00 |  <0.01 |  <0.01 |
|       using O6 output only |   5443 |   5347 |  15280 |   2.65 |   2.70 |   7.73 |
|       using O5 and O6      |   8584 |   8652 |   8407 |   4.18 |   4.38 |   4.25 |
| CLB Registers              | 185239 | 298835 | 252479 |  21.07 |  34.59 |  29.22 |
| CARRY8                     |   3967 |  17437 |  10953 |   7.22 |  32.29 |  20.28 |
| F7 Muxes                   |   2183 |   4045 |   2870 |   0.99 |   1.87 |   1.33 |
| F8 Muxes                   |    126 |    344 |    212 |   0.11 |   0.32 |   0.20 |
| F9 Muxes                   |      0 |      0 |      0 |   0.00 |   0.00 |   0.00 |
| Block RAM Tile             |    177 |  141.5 |  332.5 |  26.34 |  21.06 |  49.48 |
|   RAMB36/FIFO              |    152 |    123 |    315 |  22.62 |  18.30 |  46.88 |
|     RAMB36E2 only          |    152 |    123 |    315 |  22.62 |  18.30 |  46.88 |
|   RAMB18                   |     50 |     37 |     35 |   3.72 |   2.75 |   2.60 |
|     RAMB18E2 only          |     50 |     37 |     35 |   3.72 |   2.75 |   2.60 |
| URAM                       |      0 |    151 |    147 |   0.00 |  47.19 |  45.94 |
| DSPs                       |    384 |    550 |    732 |  13.33 |  17.90 |  23.83 |
| Unique Control Sets        |   5290 |   7444 |   5865 |   4.81 |   6.89 |   5.43 |
+----------------------------+--------+--------+--------+--------+--------+--------+
* Note: Available Control Sets based on CLB Registers / 8


4. SLR IO Utilization
---------------------

+-----------+-----------+---------+------------+----------+------------+----------+-----+
| SLR Index | Used IOBs | (%)IOBs | Used IPADs | (%)IPADs | Used OPADs | (%)OPADs | GTs |
+-----------+-----------+---------+------------+----------+------------+----------+-----+
| SLR2      |        15 |    7.21 |          0 |     0.00 |          0 |     0.00 |   0 |
| SLR1      |         0 |    0.00 |          0 |     0.00 |          0 |     0.00 |   0 |
| SLR0      |         1 |    0.48 |          0 |     0.00 |          0 |     0.00 |  16 |
+-----------+-----------+---------+------------+----------+------------+----------+-----+
| Total     |        16 |         |          0 |          |          0 |          |  16 |
+-----------+-----------+---------+------------+----------+------------+----------+-----+


