Copyright 1986-2022 Xilinx, Inc. All Rights Reserved.
----------------------------------------------------------------------------------------------------
| Tool Version : Vivado v.2022.1.2 (lin64) Build 3605665 Fri Aug  5 22:52:02 MDT 2022
| Date         : Sun Dec 10 18:33:25 2023
| Host         : brg-zhang-xcel.ece.cornell.edu running 64-bit CentOS Linux release 7.9.2009 (Core)
| Command      : report_utilization -slr -file slr_util_routed.rpt -pb slr_util_routed.pb
| Design       : level0_wrapper
| Device       : xcu280-fsvh2892-2L-e
| Speed File   : -2L
| Design State : Routed
----------------------------------------------------------------------------------------------------

Utilization Design Information

Table of Contents
-----------------
1. SLR Connectivity
2. SLR Connectivity Matrix
3. SLR CLB Logic and Dedicated Block Utilization
4. SLR IO Utilization

1. SLR Connectivity
-------------------

+----------------------------------+-------+-------+-----------+-------+
|                                  |  Used | Fixed | Available | Util% |
+----------------------------------+-------+-------+-----------+-------+
| SLR2 <-> SLR1                    |  8027 |       |     23040 | 34.84 |
|   SLR1 -> SLR2                   |  4746 |       |           | 20.60 |
|     Using TX_REG only            |     0 |     0 |           |       |
|     Using RX_REG only            |     0 |     0 |           |       |
|     Using Both TX_REG and RX_REG |     0 |     0 |           |       |
|   SLR2 -> SLR1                   |  3281 |       |           | 14.24 |
|     Using TX_REG only            |     0 |     0 |           |       |
|     Using RX_REG only            |     0 |     0 |           |       |
|     Using Both TX_REG and RX_REG |     0 |     0 |           |       |
| SLR1 <-> SLR0                    | 10977 |       |     23040 | 47.64 |
|   SLR0 -> SLR1                   |  6017 |       |           | 26.12 |
|     Using TX_REG only            |     0 |     0 |           |       |
|     Using RX_REG only            |     0 |     0 |           |       |
|     Using Both TX_REG and RX_REG |     0 |     0 |           |       |
|   SLR1 -> SLR0                   |  4960 |       |           | 21.53 |
|     Using TX_REG only            |     0 |     0 |           |       |
|     Using RX_REG only            |     0 |     0 |           |       |
|     Using Both TX_REG and RX_REG |     0 |     0 |           |       |
+----------------------------------+-------+-------+-----------+-------+
| Total SLLs Used                  | 19004 |       |           |       |
+----------------------------------+-------+-------+-----------+-------+


2. SLR Connectivity Matrix
--------------------------

+-----------+------+------+------+
| FROM \ TO | SLR2 | SLR1 | SLR0 |
+-----------+------+------+------+
| SLR2      |    0 | 3189 |   92 |
| SLR1      | 4679 |    0 | 4868 |
| SLR0      |   67 | 5950 |    0 |
+-----------+------+------+------+


3. SLR CLB Logic and Dedicated Block Utilization
------------------------------------------------

+----------------------------+--------+--------+--------+--------+--------+--------+
|          Site Type         |  SLR0  |  SLR1  |  SLR2  | SLR0 % | SLR1 % | SLR2 % |
+----------------------------+--------+--------+--------+--------+--------+--------+
| CLB                        |  38646 |  48333 |  38191 |  70.32 |  89.51 |  70.72 |
|   CLBL                     |  19914 |  25611 |  20193 |  68.01 |  87.47 |  68.97 |
|   CLBM                     |  18732 |  22722 |  17998 |  72.94 |  91.92 |  72.81 |
| CLB LUTs                   | 141048 | 246766 | 175211 |  32.08 |  57.12 |  40.56 |
|   LUT as Logic             | 126346 | 230770 | 156806 |  28.74 |  53.42 |  36.30 |
|     using O5 output only   |   2419 |   2384 |   2175 |   0.55 |   0.55 |   0.50 |
|     using O6 output only   |  93279 | 175672 | 126072 |  21.22 |  40.66 |  29.18 |
|     using O5 and O6        |  30648 |  52714 |  28559 |   6.97 |  12.20 |   6.61 |
|   LUT as Memory            |  14702 |  15996 |  18405 |   7.16 |   8.09 |   9.31 |
|     LUT as Distributed RAM |   3846 |   5042 |   3916 |   1.87 |   2.55 |   1.98 |
|       using O5 output only |      0 |      0 |      0 |   0.00 |   0.00 |   0.00 |
|       using O6 output only |    276 |   1002 |     32 |   0.13 |   0.51 |   0.02 |
|       using O5 and O6      |   3570 |   4040 |   3884 |   1.74 |   2.04 |   1.96 |
|     LUT as Shift Register  |  10856 |  10954 |  14489 |   5.28 |   5.54 |   7.33 |
|       using O5 output only |      0 |      1 |      0 |   0.00 |  <0.01 |   0.00 |
|       using O6 output only |   6688 |   4862 |   9363 |   3.26 |   2.46 |   4.73 |
|       using O5 and O6      |   4168 |   6091 |   5126 |   2.03 |   3.08 |   2.59 |
| CLB Registers              | 207571 | 300674 | 224673 |  23.60 |  34.80 |  26.00 |
| CARRY8                     |   3388 |   6795 |   4919 |   6.16 |  12.58 |   9.11 |
| F7 Muxes                   |   2920 |   4297 |   4042 |   1.33 |   1.99 |   1.87 |
| F8 Muxes                   |    126 |    404 |      3 |   0.11 |   0.37 |  <0.01 |
| F9 Muxes                   |      0 |      0 |      0 |   0.00 |   0.00 |   0.00 |
| Block RAM Tile             |  136.5 |  120.5 |    127 |  20.31 |  17.93 |  18.90 |
|   RAMB36/FIFO              |    129 |    118 |    121 |  19.20 |  17.56 |  18.01 |
|     RAMB36E2 only          |    129 |    118 |    121 |  19.20 |  17.56 |  18.01 |
|   RAMB18                   |     15 |      5 |     12 |   1.12 |   0.37 |   0.89 |
|     RAMB18E2 only          |     15 |      5 |     12 |   1.12 |   0.37 |   0.89 |
| URAM                       |      0 |    128 |      1 |   0.00 |  40.00 |   0.31 |
| DSPs                       |    207 |    462 |    316 |   7.19 |  15.04 |  10.29 |
| Unique Control Sets        |   5365 |   8880 |   5623 |   4.88 |   8.22 |   5.21 |
+----------------------------+--------+--------+--------+--------+--------+--------+
* Note: Available Control Sets based on CLB Registers / 8


4. SLR IO Utilization
---------------------

+-----------+-----------+---------+------------+----------+------------+----------+-----+
| SLR Index | Used IOBs | (%)IOBs | Used IPADs | (%)IPADs | Used OPADs | (%)OPADs | GTs |
+-----------+-----------+---------+------------+----------+------------+----------+-----+
| SLR2      |        15 |    7.21 |          0 |     0.00 |          0 |     0.00 |   0 |
| SLR1      |         0 |    0.00 |          0 |     0.00 |          0 |     0.00 |   0 |
| SLR0      |         1 |    0.48 |          0 |     0.00 |          0 |     0.00 |  16 |
+-----------+-----------+---------+------------+----------+------------+----------+-----+
| Total     |        16 |         |          0 |          |          0 |          |  16 |
+-----------+-----------+---------+------------+----------+------------+----------+-----+


