Copyright 1986-2022 Xilinx, Inc. All Rights Reserved.
---------------------------------------------------------------------------------------------------------------------------------------------------------------------------------------------------------------------------------------------------------------------------------------------------------------------------------------------------------------------------------------------------------------------------------------------------------------
| Tool Version : Vivado v.2022.1.2 (lin64) Build 3605665 Fri Aug  5 22:52:02 MDT 2022
| Date         : Sun Dec 10 15:58:00 2023
| Host         : brg-zhang-xcel.ece.cornell.edu running 64-bit CentOS Linux release 7.9.2009 (Core)
| Command      : report_accelerator_utilization -kernels { Bert_layer_dataflow_region_1:level0_i/ulp/Bert_layer_dataflow_region_1_1/inst:Bert_layer_dataflow_region_1_1 Bert_layer_dataflow_region_2:level0_i/ulp/Bert_layer_dataflow_region_2_1/inst:Bert_layer_dataflow_region_2_1 Bert_layer_dataflow_region_3:level0_i/ulp/Bert_layer_dataflow_region_3_1/inst:Bert_layer_dataflow_region_3_1} -file kernel_util_placed.rpt -name kernel_util_placed -json
| Design       : level0_wrapper
| Device       : xcu280
| Design State : Fully Placed
---------------------------------------------------------------------------------------------------------------------------------------------------------------------------------------------------------------------------------------------------------------------------------------------------------------------------------------------------------------------------------------------------------------------------------------------------------------

Accelerator Utilization Design Information

Table of Contents
-----------------
1. System Utilization

1. System Utilization
---------------------

+-----------------------------------+-------------------+------------------+-------------------+----------------+---------------+----------------+
| Name                              | LUT               | LUTAsMem         | REG               | BRAM           | URAM          | DSP            |
+-----------------------------------+-------------------+------------------+-------------------+----------------+---------------+----------------+
| Platform                          |  147509 [ 11.31%] |  21580 [  3.59%] |  258607 [  9.92%] |  199 [  9.87%] |   0 [  0.00%] |    4 [  0.04%] |
| User Budget                       | 1156171 [100.00%] | 579380 [100.00%] | 2348753 [100.00%] | 1817 [100.00%] | 960 [100.00%] | 9020 [100.00%] |
|    Used Resources                 |  415557 [ 35.94%] |  27523 [  4.75%] |  474311 [ 20.19%] |  184 [ 10.13%] | 129 [ 13.44%] |  981 [ 10.88%] |
|    Unused Resources               |  740614 [ 64.06%] | 551857 [ 95.25%] | 1874442 [ 79.81%] | 1633 [ 89.87%] | 831 [ 86.56%] | 8039 [ 89.12%] |
| Bert_layer_dataflow_region_1      |   98898 [  8.55%] |   7059 [  1.22%] |  117038 [  4.98%] |   69 [  3.80%] |   0 [  0.00%] |  207 [  2.29%] |
|    Bert_layer_dataflow_region_1_1 |   98898 [  8.55%] |   7059 [  1.22%] |  117038 [  4.98%] |   69 [  3.80%] |   0 [  0.00%] |  207 [  2.29%] |
| Bert_layer_dataflow_region_2      |  181023 [ 15.66%] |  10890 [  1.88%] |  199797 [  8.51%] |   38 [  2.09%] | 128 [ 13.33%] |  462 [  5.12%] |
|    Bert_layer_dataflow_region_2_1 |  181023 [ 15.66%] |  10890 [  1.88%] |  199797 [  8.51%] |   38 [  2.09%] | 128 [ 13.33%] |  462 [  5.12%] |
| Bert_layer_dataflow_region_3      |  135636 [ 11.73%] |   9574 [  1.65%] |  157476 [  6.70%] |   77 [  4.24%] |   1 [  0.10%] |  312 [  3.46%] |
|    Bert_layer_dataflow_region_3_1 |  135636 [ 11.73%] |   9574 [  1.65%] |  157476 [  6.70%] |   77 [  4.24%] |   1 [  0.10%] |  312 [  3.46%] |
+-----------------------------------+-------------------+------------------+-------------------+----------------+---------------+----------------+


