Copyright 1986-2022 Xilinx, Inc. All Rights Reserved.
----------------------------------------------------------------------------------------------------
| Tool Version : Vivado v.2022.1.2 (lin64) Build 3605665 Fri Aug  5 22:52:02 MDT 2022
| Date         : Sun Dec 10 18:35:57 2023
| Host         : brg-zhang-xcel.ece.cornell.edu running 64-bit CentOS Linux release 7.9.2009 (Core)
| Command      : report_utilization -file full_util_routed.rpt -pb full_util_routed.pb
| Design       : level0_wrapper
| Device       : xcu280-fsvh2892-2L-e
| Speed File   : -2L
| Design State : Routed
----------------------------------------------------------------------------------------------------

Utilization Design Information

Table of Contents
-----------------
1. CLB Logic
1.1 Summary of Registers by Type
2. CLB Logic Distribution
3. BLOCKRAM
4. ARITHMETIC
5. I/O
6. CLOCK
7. ADVANCED
8. CONFIGURATION
9. Primitives
10. Black Boxes
11. Instantiated Netlists
12. SLR Connectivity
13. SLR Connectivity Matrix
14. SLR CLB Logic and Dedicated Block Utilization
15. SLR IO Utilization

1. CLB Logic
------------

+----------------------------+--------+--------+------------+-----------+-------+
|          Site Type         |  Used  |  Fixed | Prohibited | Available | Util% |
+----------------------------+--------+--------+------------+-----------+-------+
| CLB LUTs                   | 563025 | 107629 |          0 |   1303680 | 43.19 |
|   LUT as Logic             | 513922 | 101652 |          0 |   1303680 | 39.42 |
|   LUT as Memory            |  49103 |   5977 |          0 |    600960 |  8.17 |
|     LUT as Distributed RAM |  12804 |   4564 |            |           |       |
|     LUT as Shift Register  |  36299 |   1413 |            |           |       |
| CLB Registers              | 732918 | 136086 |          0 |   2607360 | 28.11 |
|   Register as Flip Flop    | 732914 | 136082 |          0 |   2607360 | 28.11 |
|   Register as Latch        |      0 |      0 |          0 |   2607360 |  0.00 |
|   Register as AND/OR       |      4 |      4 |          0 |   2607360 | <0.01 |
| CARRY8                     |  15102 |    946 |          0 |    162960 |  9.27 |
| F7 Muxes                   |  11259 |   1683 |          0 |    651840 |  1.73 |
| F8 Muxes                   |    533 |    446 |          0 |    325920 |  0.16 |
| F9 Muxes                   |      0 |      0 |          0 |    162960 |  0.00 |
+----------------------------+--------+--------+------------+-----------+-------+


1.1 Summary of Registers by Type
--------------------------------

+--------+--------------+-------------+--------------+
|  Total | Clock Enable | Synchronous | Asynchronous |
+--------+--------------+-------------+--------------+
| 4      |            _ |           - |            - |
| 0      |            _ |           - |          Set |
| 0      |            _ |           - |        Reset |
| 0      |            _ |         Set |            - |
| 0      |            _ |       Reset |            - |
| 0      |          Yes |           - |            - |
| 401    |          Yes |           - |          Set |
| 5207   |          Yes |           - |        Reset |
| 15391  |          Yes |         Set |            - |
| 711915 |          Yes |       Reset |            - |
+--------+--------------+-------------+--------------+


2. CLB Logic Distribution
-------------------------

+--------------------------------------------+--------+--------+------------+-----------+-------+
|                  Site Type                 |  Used  |  Fixed | Prohibited | Available | Util% |
+--------------------------------------------+--------+--------+------------+-----------+-------+
| CLB                                        | 125170 |      0 |          0 |    162960 | 76.81 |
|   CLBL                                     |  65718 |      0 |            |           |       |
|   CLBM                                     |  59452 |      0 |            |           |       |
| LUT as Logic                               | 513922 | 101652 |          0 |   1303680 | 39.42 |
|   using O5 output only                     |   6978 |        |            |           |       |
|   using O6 output only                     | 395023 |        |            |           |       |
|   using O5 and O6                          | 111921 |        |            |           |       |
| LUT as Memory                              |  49103 |   5977 |          0 |    600960 |  8.17 |
|   LUT as Distributed RAM                   |  12804 |   4564 |            |           |       |
|     using O5 output only                   |      0 |        |            |           |       |
|     using O6 output only                   |   1310 |        |            |           |       |
|     using O5 and O6                        |  11494 |        |            |           |       |
|   LUT as Shift Register                    |  36299 |   1413 |            |           |       |
|     using O5 output only                   |      1 |        |            |           |       |
|     using O6 output only                   |  20913 |        |            |           |       |
|     using O5 and O6                        |  15385 |        |            |           |       |
| CLB Registers                              | 732918 |      0 |          0 |   2607360 | 28.11 |
|   Register driven from within the CLB      | 356312 |        |            |           |       |
|   Register driven from outside the CLB     | 376606 |        |            |           |       |
|     LUT in front of the register is unused | 231503 |        |            |           |       |
|     LUT in front of the register is used   | 145103 |        |            |           |       |
| Unique Control Sets                        |  19800 |        |          0 |    325920 |  6.08 |
+--------------------------------------------+--------+--------+------------+-----------+-------+
* * Note: Available Control Sets calculated as Slices * 2, Review the Control Sets Report for more information regarding control sets.


3. BLOCKRAM
-----------

+-------------------+------+-------+------------+-----------+-------+
|     Site Type     | Used | Fixed | Prohibited | Available | Util% |
+-------------------+------+-------+------------+-----------+-------+
| Block RAM Tile    |  384 |     0 |          0 |      2016 | 19.05 |
|   RAMB36/FIFO*    |  368 |   193 |          0 |      2016 | 18.25 |
|     RAMB36E2 only |  368 |       |            |           |       |
|   RAMB18          |   32 |     5 |          0 |      4032 |  0.79 |
|     RAMB18E2 only |   32 |       |            |           |       |
| URAM              |  129 |     0 |          0 |       960 | 13.44 |
+-------------------+------+-------+------------+-----------+-------+
* Note: Each Block RAM Tile only has one FIFO logic available and therefore can accommodate only one FIFO36E2 or one FIFO18E2. However, if a FIFO18E2 occupies a Block RAM Tile, that tile can still accommodate a RAMB18E2


4. ARITHMETIC
-------------

+----------------+------+-------+------------+-----------+-------+
|    Site Type   | Used | Fixed | Prohibited | Available | Util% |
+----------------+------+-------+------------+-----------+-------+
| DSPs           |  985 |     4 |          0 |      9024 | 10.92 |
|   DSP48E2 only |  985 |       |            |           |       |
+----------------+------+-------+------------+-----------+-------+


5. I/O
------

+------------------+------+-------+------------+-----------+-------+
|     Site Type    | Used | Fixed | Prohibited | Available | Util% |
+------------------+------+-------+------------+-----------+-------+
| Bonded IOB       |   16 |    16 |          0 |       624 |  2.56 |
| HPIOB_M          |    6 |     6 |          0 |       288 |  2.08 |
|   INPUT          |    4 |       |            |           |       |
|   OUTPUT         |    2 |       |            |           |       |
|   BIDIR          |    0 |       |            |           |       |
| HPIOB_S          |    8 |     8 |          0 |       288 |  2.78 |
|   INPUT          |    4 |       |            |           |       |
|   OUTPUT         |    4 |       |            |           |       |
|   BIDIR          |    0 |       |            |           |       |
| HPIOB_SNGL       |    2 |     2 |          0 |        48 |  4.17 |
|   INPUT          |    1 |       |            |           |       |
|   OUTPUT         |    1 |       |            |           |       |
|   BIDIR          |    0 |       |            |           |       |
| HPIOBDIFFINBUF   |    1 |     1 |          0 |       288 |  0.35 |
|   DIFFINBUF      |    1 |     1 |            |           |       |
| HPIOBDIFFOUTBUF  |    0 |     0 |          0 |       288 |  0.00 |
| BITSLICE_CONTROL |    0 |     0 |          0 |        96 |  0.00 |
| BITSLICE_RX_TX   |    0 |     0 |          0 |      3744 |  0.00 |
| BITSLICE_TX      |    0 |     0 |          0 |        96 |  0.00 |
| RIU_OR           |    0 |     0 |          0 |        48 |  0.00 |
+------------------+------+-------+------------+-----------+-------+


6. CLOCK
--------

+----------------------+------+-------+------------+-----------+-------+
|       Site Type      | Used | Fixed | Prohibited | Available | Util% |
+----------------------+------+-------+------------+-----------+-------+
| GLOBAL CLOCK BUFFERs |   50 |    32 |          0 |      1008 |  4.96 |
|   BUFGCE             |   23 |     5 |          0 |       288 |  7.99 |
|   BUFGCE_DIV         |    1 |     1 |          0 |        48 |  2.08 |
|   BUFG_GT            |   22 |    22 |          0 |       576 |  3.82 |
|   BUFGCTRL*          |    2 |     2 |          0 |        96 |  2.08 |
| PLL                  |    1 |     1 |          0 |        24 |  4.17 |
| MMCM                 |    3 |     1 |          0 |        12 | 25.00 |
+----------------------+------+-------+------------+-----------+-------+
* Note: Each used BUFGCTRL counts as two GLOBAL CLOCK BUFFERs. This table does not include global clocking resources, only buffer cell usage. See the Clock Utilization Report (report_clock_utilization) for detailed accounting of global clocking resource availability.


7. ADVANCED
-----------

+----------------------+------+-------+------------+-----------+--------+
|       Site Type      | Used | Fixed | Prohibited | Available |  Util% |
+----------------------+------+-------+------------+-----------+--------+
| CMACE4               |    0 |     0 |          0 |         8 |   0.00 |
| GTYE4_CHANNEL        |   16 |    16 |          0 |        24 |  66.67 |
| GTYE4_COMMON         |    4 |     4 |          0 |         6 |  66.67 |
| HBM_REF_CLK          |    2 |     2 |          0 |         2 | 100.00 |
| HBM_SNGLBLI_INTF_APB |    2 |     2 |          0 |        32 |   6.25 |
| HBM_SNGLBLI_INTF_AXI |   32 |    32 |          0 |        32 | 100.00 |
| ILKNE4               |    0 |     0 |          0 |         4 |   0.00 |
| OBUFDS_GTE4          |    0 |     0 |          0 |        12 |   0.00 |
| OBUFDS_GTE4_ADV      |    0 |     0 |          0 |        12 |   0.00 |
| PCIE40E4             |    0 |     0 |          0 |         2 |   0.00 |
| PCIE4CE4             |    1 |     1 |          0 |         4 |  25.00 |
| SYSMONE4             |    0 |     0 |          0 |         3 |   0.00 |
+----------------------+------+-------+------------+-----------+--------+


8. CONFIGURATION
----------------

+-------------+------+-------+------------+-----------+-------+
|  Site Type  | Used | Fixed | Prohibited | Available | Util% |
+-------------+------+-------+------------+-----------+-------+
| BSCANE2     |    1 |     1 |          0 |        12 |  8.33 |
| DNA_PORTE2  |    0 |     0 |          0 |         3 |  0.00 |
| EFUSE_USR   |    0 |     0 |          0 |         3 |  0.00 |
| FRAME_ECCE4 |    0 |     0 |          0 |         3 |  0.00 |
| ICAPE3      |    1 |     1 |          0 |         6 | 16.67 |
| MASTER_JTAG |    0 |     0 |          0 |         3 |  0.00 |
| STARTUPE3   |    1 |     1 |          0 |         3 | 33.33 |
+-------------+------+-------+------------+-----------+-------+


9. Primitives
-------------

+----------------------+--------+---------------------+
|       Ref Name       |  Used  | Functional Category |
+----------------------+--------+---------------------+
| FDRE                 | 711915 |            Register |
| LUT6                 | 145194 |                 CLB |
| LUT4                 | 143042 |                 CLB |
| LUT3                 | 133995 |                 CLB |
| LUT2                 | 110216 |                 CLB |
| LUT5                 |  82407 |                 CLB |
| SRL16E               |  40131 |                 CLB |
| RAMD32               |  20268 |                 CLB |
| FDSE                 |  15391 |            Register |
| CARRY8               |  15102 |                 CLB |
| SRLC32E              |  11539 |                 CLB |
| MUXF7                |  11259 |                 CLB |
| LUT1                 |  10989 |                 CLB |
| FDCE                 |   5207 |            Register |
| RAMS32               |   2854 |                 CLB |
| DSP48E2              |    985 |          Arithmetic |
| RAMD64E              |    848 |                 CLB |
| MUXF8                |    533 |                 CLB |
| FDPE                 |    401 |            Register |
| RAMB36E2             |    368 |            BLOCKRAM |
| RAMS64E              |    328 |                 CLB |
| URAM288              |    129 |            BLOCKRAM |
| RAMB18E2             |     32 |            BLOCKRAM |
| HBM_SNGLBLI_INTF_AXI |     32 |            Advanced |
| BUFGCE               |     23 |               Clock |
| BUFG_GT              |     22 |               Clock |
| BUFG_GT_SYNC         |     17 |               Clock |
| GTYE4_CHANNEL        |     16 |            Advanced |
| SRLC16E              |     14 |                 CLB |
| IBUFCTRL             |      8 |              Others |
| OBUF                 |      7 |                 I/O |
| INBUF                |      7 |                 I/O |
| GTYE4_COMMON         |      4 |            Advanced |
| AND2B1L              |      4 |              Others |
| MMCME4_ADV           |      3 |               Clock |
| HBM_SNGLBLI_INTF_APB |      2 |            Advanced |
| HBM_REF_CLK          |      2 |            Advanced |
| BUFGCTRL             |      2 |               Clock |
| STARTUPE3            |      1 |       Configuration |
| PLLE4_ADV            |      1 |               Clock |
| PCIE4CE4             |      1 |            Advanced |
| ICAPE3               |      1 |       Configuration |
| IBUFDS_GTE4          |      1 |                 I/O |
| DIFFINBUF            |      1 |                 I/O |
| BUFGCE_DIV           |      1 |               Clock |
| BSCANE2              |      1 |       Configuration |
+----------------------+--------+---------------------+


10. Black Boxes
---------------

+----------+------+
| Ref Name | Used |
+----------+------+


11. Instantiated Netlists
-------------------------

+------------------------------------------------------+------+
|                       Ref Name                       | Used |
+------------------------------------------------------+------+
| xsdbm                                                |    1 |
| ulp_xbar_3                                           |    1 |
| ulp_xbar_2                                           |    1 |
| ulp_xbar_1                                           |    1 |
| ulp_xbar_0                                           |    1 |
| ulp_ulp_ucs_0                                        |    1 |
| ulp_ulp_cmp_0                                        |    1 |
| ulp_s00_regslice_17                                  |    1 |
| ulp_s00_regslice_16                                  |    1 |
| ulp_s00_regslice_15                                  |    1 |
| ulp_regslice_control_userpf_2                        |    1 |
| ulp_regslice_control_userpf_1                        |    1 |
| ulp_regslice_control_userpf_0                        |    1 |
| ulp_proc_sys_reset_kernel_slr2_0                     |    1 |
| ulp_proc_sys_reset_kernel_slr1_0                     |    1 |
| ulp_proc_sys_reset_kernel_slr0_0                     |    1 |
| ulp_proc_sys_reset_ctrl_slr2_0                       |    1 |
| ulp_proc_sys_reset_ctrl_slr1_0                       |    1 |
| ulp_proc_sys_reset_ctrl_slr0_0                       |    1 |
| ulp_m01_regslice_5                                   |    1 |
| ulp_m01_regslice_4                                   |    1 |
| ulp_m01_regslice_3                                   |    1 |
| ulp_m00_regslice_5                                   |    1 |
| ulp_m00_regslice_4                                   |    1 |
| ulp_m00_regslice_3                                   |    1 |
| ulp_ii_level0_wire_0                                 |    1 |
| ulp_hmss_0_0                                         |    1 |
| ulp_buffer_Bert_layer_dataflow_region_2_1_outp_ln0_0 |    1 |
| ulp_buffer_Bert_layer_dataflow_region_1_1_outp_v_0   |    1 |
| ulp_buffer_Bert_layer_dataflow_region_1_1_outp_q_0   |    1 |
| ulp_buffer_Bert_layer_dataflow_region_1_1_outp_k_0   |    1 |
| ulp_buffer_Bert_layer_dataflow_region_1_1_outp_inp_0 |    1 |
| ulp_axi_vip_data_0                                   |    1 |
| ulp_axi_vip_ctrl_userpf_2                            |    1 |
| ulp_axi_vip_ctrl_userpf_1                            |    1 |
| ulp_axi_vip_ctrl_userpf_0                            |    1 |
| ulp_axi_gpio_null_2                                  |    1 |
| ulp_axi_gpio_null_1                                  |    1 |
| ulp_axi_gpio_null_0                                  |    1 |
| ulp_auto_cc_5                                        |    1 |
| ulp_auto_cc_4                                        |    1 |
| ulp_auto_cc_3                                        |    1 |
| ulp_auto_cc_2                                        |    1 |
| ulp_auto_cc_1                                        |    1 |
| ulp_auto_cc_0                                        |    1 |
| ulp_Bert_layer_dataflow_region_3_1_0                 |    1 |
| ulp_Bert_layer_dataflow_region_2_1_0                 |    1 |
| ulp_Bert_layer_dataflow_region_1_1_0                 |    1 |
| ulp                                                  |    1 |
| level0_ii_level0_pipe_0                              |    1 |
| blp_wrapper                                          |    1 |
| bd_85ad_vip_S19_0                                    |    1 |
| bd_85ad_vip_S18_0                                    |    1 |
| bd_85ad_vip_S17_0                                    |    1 |
| bd_85ad_vip_S16_0                                    |    1 |
| bd_85ad_vip_S15_0                                    |    1 |
| bd_85ad_vip_S14_0                                    |    1 |
| bd_85ad_vip_S13_0                                    |    1 |
| bd_85ad_vip_S12_0                                    |    1 |
| bd_85ad_vip_S11_0                                    |    1 |
| bd_85ad_vip_S10_0                                    |    1 |
| bd_85ad_vip_S09_0                                    |    1 |
| bd_85ad_vip_S08_0                                    |    1 |
| bd_85ad_vip_S07_0                                    |    1 |
| bd_85ad_vip_S06_0                                    |    1 |
| bd_85ad_vip_S05_0                                    |    1 |
| bd_85ad_vip_S04_0                                    |    1 |
| bd_85ad_vip_S03_0                                    |    1 |
| bd_85ad_vip_S02_0                                    |    1 |
| bd_85ad_vip_S01_0                                    |    1 |
| bd_85ad_vip_S00_0                                    |    1 |
| bd_85ad_util_vector_logic_0                          |    1 |
| bd_85ad_slice9_8_0                                   |    1 |
| bd_85ad_slice8_7_0                                   |    1 |
| bd_85ad_slice7_5_0                                   |    1 |
| bd_85ad_slice6_6_0                                   |    1 |
| bd_85ad_slice5_4_0                                   |    1 |
| bd_85ad_slice4_3_0                                   |    1 |
| bd_85ad_slice3_2_0                                   |    1 |
| bd_85ad_slice2_1_0                                   |    1 |
| bd_85ad_slice1_0_0                                   |    1 |
| bd_85ad_slice19_17_0                                 |    1 |
| bd_85ad_slice18_16_0                                 |    1 |
| bd_85ad_slice17_15_0                                 |    1 |
| bd_85ad_slice16_18_0                                 |    1 |
| bd_85ad_slice15_13_0                                 |    1 |
| bd_85ad_slice14_14_0                                 |    1 |
| bd_85ad_slice13_12_0                                 |    1 |
| bd_85ad_slice12_11_0                                 |    1 |
| bd_85ad_slice11_9_0                                  |    1 |
| bd_85ad_slice10_10_0                                 |    1 |
| bd_85ad_slice0_20_0                                  |    1 |
| bd_85ad_interconnect9_8_0                            |    1 |
| bd_85ad_interconnect8_7_0                            |    1 |
| bd_85ad_interconnect7_5_0                            |    1 |
| bd_85ad_interconnect6_6_0                            |    1 |
| bd_85ad_interconnect5_4_0                            |    1 |
| bd_85ad_interconnect4_3_0                            |    1 |
| bd_85ad_interconnect3_2_0                            |    1 |
| bd_85ad_interconnect2_1_0                            |    1 |
| bd_85ad_interconnect1_0_0                            |    1 |
| bd_85ad_interconnect19_17_0                          |    1 |
| bd_85ad_interconnect18_16_0                          |    1 |
| bd_85ad_interconnect17_15_0                          |    1 |
| bd_85ad_interconnect16_18_0                          |    1 |
| bd_85ad_interconnect15_13_0                          |    1 |
| bd_85ad_interconnect14_14_0                          |    1 |
| bd_85ad_interconnect13_12_0                          |    1 |
| bd_85ad_interconnect12_11_0                          |    1 |
| bd_85ad_interconnect11_9_0                           |    1 |
| bd_85ad_interconnect10_10_0                          |    1 |
| bd_85ad_interconnect0_20_0                           |    1 |
| bd_85ad_init_reduce_0                                |    1 |
| bd_85ad_hbm_reset_sync_SLR2_0                        |    1 |
| bd_85ad_hbm_reset_sync_SLR1_0                        |    1 |
| bd_85ad_hbm_reset_sync_SLR0_0                        |    1 |
| bd_85ad_hbm_inst_0                                   |    1 |
| bd_85ad_axi_apb_bridge_inst_0                        |    1 |
| bd_7cf0_bsip_0                                       |    1 |
| bd_7cf0_bs_switch_1_0                                |    1 |
| bd_7cf0_axi_jtag_0                                   |    1 |
| bd_58f6_xsdbm_0                                      |    1 |
| bd_58f6_lut_buffer_0                                 |    1 |
| bd_22c0_xbar_1                                       |    1 |
| bd_22c0_xbar_0                                       |    1 |
| bd_22c0_psreset_kernel_01_0                          |    1 |
| bd_22c0_psreset_kernel_00_0                          |    1 |
| bd_22c0_psreset_hbm_0                                |    1 |
| bd_22c0_psreset_aclk_freerun_0                       |    1 |
| bd_22c0_gpio_ucs_control_status_0                    |    1 |
| bd_22c0_gpio_gapping_demand_0                        |    1 |
| bd_22c0_gapping_demand_update_0                      |    1 |
| bd_22c0_gapping_demand_toggle_0                      |    1 |
| bd_22c0_frequency_counter_aclk_kernel_01_0           |    1 |
| bd_22c0_frequency_counter_aclk_kernel_00_0           |    1 |
| bd_22c0_frequency_counter_aclk_hbm_0                 |    1 |
| bd_22c0_frequency_counter_aclk_0                     |    1 |
| bd_22c0_fanout_aresetn_pcie_slr2_4_0                 |    1 |
| bd_22c0_fanout_aresetn_pcie_slr2_3_0                 |    1 |
| bd_22c0_fanout_aresetn_pcie_slr2_2_0                 |    1 |
| bd_22c0_fanout_aresetn_pcie_slr2_1_0                 |    1 |
| bd_22c0_fanout_aresetn_pcie_slr1_4_0                 |    1 |
| bd_22c0_fanout_aresetn_pcie_slr1_3_0                 |    1 |
| bd_22c0_fanout_aresetn_pcie_slr1_2_0                 |    1 |
| bd_22c0_fanout_aresetn_pcie_slr1_1_0                 |    1 |
| bd_22c0_fanout_aresetn_pcie_slr0_4_0                 |    1 |
| bd_22c0_fanout_aresetn_pcie_slr0_3_0                 |    1 |
| bd_22c0_fanout_aresetn_pcie_slr0_2_0                 |    1 |
| bd_22c0_fanout_aresetn_pcie_slr0_1_0                 |    1 |
| bd_22c0_fanout_aresetn_kernel_01_slr2_4_0            |    1 |
| bd_22c0_fanout_aresetn_kernel_01_slr2_3_0            |    1 |
| bd_22c0_fanout_aresetn_kernel_01_slr2_2_0            |    1 |
| bd_22c0_fanout_aresetn_kernel_01_slr2_1_0            |    1 |
| bd_22c0_fanout_aresetn_kernel_01_slr1_4_0            |    1 |
| bd_22c0_fanout_aresetn_kernel_01_slr1_3_0            |    1 |
| bd_22c0_fanout_aresetn_kernel_01_slr1_2_0            |    1 |
| bd_22c0_fanout_aresetn_kernel_01_slr1_1_0            |    1 |
| bd_22c0_fanout_aresetn_kernel_01_slr0_4_0            |    1 |
| bd_22c0_fanout_aresetn_kernel_01_slr0_3_0            |    1 |
| bd_22c0_fanout_aresetn_kernel_01_slr0_2_0            |    1 |
| bd_22c0_fanout_aresetn_kernel_01_slr0_1_0            |    1 |
| bd_22c0_fanout_aresetn_kernel_00_slr2_4_0            |    1 |
| bd_22c0_fanout_aresetn_kernel_00_slr2_3_0            |    1 |
| bd_22c0_fanout_aresetn_kernel_00_slr2_2_0            |    1 |
| bd_22c0_fanout_aresetn_kernel_00_slr2_1_0            |    1 |
| bd_22c0_fanout_aresetn_kernel_00_slr1_4_0            |    1 |
| bd_22c0_fanout_aresetn_kernel_00_slr1_3_0            |    1 |
| bd_22c0_fanout_aresetn_kernel_00_slr1_2_0            |    1 |
| bd_22c0_fanout_aresetn_kernel_00_slr1_1_0            |    1 |
| bd_22c0_fanout_aresetn_kernel_00_slr0_4_0            |    1 |
| bd_22c0_fanout_aresetn_kernel_00_slr0_3_0            |    1 |
| bd_22c0_fanout_aresetn_kernel_00_slr0_2_0            |    1 |
| bd_22c0_fanout_aresetn_kernel_00_slr0_1_0            |    1 |
| bd_22c0_fanout_aresetn_hbm_0                         |    1 |
| bd_22c0_fanout_aresetn_ctrl_slr2_4_0                 |    1 |
| bd_22c0_fanout_aresetn_ctrl_slr2_3_0                 |    1 |
| bd_22c0_fanout_aresetn_ctrl_slr2_2_0                 |    1 |
| bd_22c0_fanout_aresetn_ctrl_slr2_1_0                 |    1 |
| bd_22c0_fanout_aresetn_ctrl_slr1_4_0                 |    1 |
| bd_22c0_fanout_aresetn_ctrl_slr1_3_0                 |    1 |
| bd_22c0_fanout_aresetn_ctrl_slr1_2_0                 |    1 |
| bd_22c0_fanout_aresetn_ctrl_slr1_1_0                 |    1 |
| bd_22c0_fanout_aresetn_ctrl_slr0_4_0                 |    1 |
| bd_22c0_fanout_aresetn_ctrl_slr0_3_0                 |    1 |
| bd_22c0_fanout_aresetn_ctrl_slr0_2_0                 |    1 |
| bd_22c0_fanout_aresetn_ctrl_slr0_1_0                 |    1 |
| bd_22c0_clock_throttling_avg_0                       |    1 |
| bd_22c0_clock_throttling_aclk_kernel_01_0            |    1 |
| bd_22c0_clock_throttling_aclk_kernel_00_0            |    1 |
| bd_22c0_clock_shutdown_latch_0                       |    1 |
| bd_22c0_clkwiz_hbm_0                                 |    1 |
| bd_22c0_clkwiz_aclk_kernel_01_0                      |    1 |
| bd_22c0_clkwiz_aclk_kernel_00_0                      |    1 |
| bd_22c0_clk_hbm_adapt_0                              |    1 |
| bd_22c0_build_info_0                                 |    1 |
| bd_22c0_auto_cc_0                                    |    1 |
| bd_22c0_aclk_kernel_01_cont_adapt_0                  |    1 |
| bd_22c0_aclk_kernel_01_adapt_0                       |    1 |
| bd_22c0_aclk_kernel_00_cont_adapt_0                  |    1 |
| bd_22c0_aclk_kernel_00_adapt_0                       |    1 |
| bd_097b_user_debug_hub_0                             |    1 |
| bd_097b_user_debug_bridge_0                          |    1 |
| bd_097b_build_info_0                                 |    1 |
+------------------------------------------------------+------+


12. SLR Connectivity
--------------------

+----------------------------------+-------+-------+-----------+-------+
|                                  |  Used | Fixed | Available | Util% |
+----------------------------------+-------+-------+-----------+-------+
| SLR2 <-> SLR1                    |  8027 |       |     23040 | 34.84 |
|   SLR1 -> SLR2                   |  4746 |       |           | 20.60 |
|     Using TX_REG only            |     0 |     0 |           |       |
|     Using RX_REG only            |     0 |     0 |           |       |
|     Using Both TX_REG and RX_REG |     0 |     0 |           |       |
|   SLR2 -> SLR1                   |  3281 |       |           | 14.24 |
|     Using TX_REG only            |     0 |     0 |           |       |
|     Using RX_REG only            |     0 |     0 |           |       |
|     Using Both TX_REG and RX_REG |     0 |     0 |           |       |
| SLR1 <-> SLR0                    | 10977 |       |     23040 | 47.64 |
|   SLR0 -> SLR1                   |  6017 |       |           | 26.12 |
|     Using TX_REG only            |     0 |     0 |           |       |
|     Using RX_REG only            |     0 |     0 |           |       |
|     Using Both TX_REG and RX_REG |     0 |     0 |           |       |
|   SLR1 -> SLR0                   |  4960 |       |           | 21.53 |
|     Using TX_REG only            |     0 |     0 |           |       |
|     Using RX_REG only            |     0 |     0 |           |       |
|     Using Both TX_REG and RX_REG |     0 |     0 |           |       |
+----------------------------------+-------+-------+-----------+-------+
| Total SLLs Used                  | 19004 |       |           |       |
+----------------------------------+-------+-------+-----------+-------+


13. SLR Connectivity Matrix
---------------------------

+-----------+------+------+------+
| FROM \ TO | SLR2 | SLR1 | SLR0 |
+-----------+------+------+------+
| SLR2      |    0 | 3189 |   92 |
| SLR1      | 4679 |    0 | 4868 |
| SLR0      |   67 | 5950 |    0 |
+-----------+------+------+------+


14. SLR CLB Logic and Dedicated Block Utilization
-------------------------------------------------

+----------------------------+--------+--------+--------+--------+--------+--------+
|          Site Type         |  SLR0  |  SLR1  |  SLR2  | SLR0 % | SLR1 % | SLR2 % |
+----------------------------+--------+--------+--------+--------+--------+--------+
| CLB                        |  38646 |  48333 |  38191 |  70.32 |  89.51 |  70.72 |
|   CLBL                     |  19914 |  25611 |  20193 |  68.01 |  87.47 |  68.97 |
|   CLBM                     |  18732 |  22722 |  17998 |  72.94 |  91.92 |  72.81 |
| CLB LUTs                   | 141048 | 246766 | 175211 |  32.08 |  57.12 |  40.56 |
|   LUT as Logic             | 126346 | 230770 | 156806 |  28.74 |  53.42 |  36.30 |
|     using O5 output only   |   2419 |   2384 |   2175 |   0.55 |   0.55 |   0.50 |
|     using O6 output only   |  93279 | 175672 | 126072 |  21.22 |  40.66 |  29.18 |
|     using O5 and O6        |  30648 |  52714 |  28559 |   6.97 |  12.20 |   6.61 |
|   LUT as Memory            |  14702 |  15996 |  18405 |   7.16 |   8.09 |   9.31 |
|     LUT as Distributed RAM |   3846 |   5042 |   3916 |   1.87 |   2.55 |   1.98 |
|       using O5 output only |      0 |      0 |      0 |   0.00 |   0.00 |   0.00 |
|       using O6 output only |    276 |   1002 |     32 |   0.13 |   0.51 |   0.02 |
|       using O5 and O6      |   3570 |   4040 |   3884 |   1.74 |   2.04 |   1.96 |
|     LUT as Shift Register  |  10856 |  10954 |  14489 |   5.28 |   5.54 |   7.33 |
|       using O5 output only |      0 |      1 |      0 |   0.00 |  <0.01 |   0.00 |
|       using O6 output only |   6688 |   4862 |   9363 |   3.26 |   2.46 |   4.73 |
|       using O5 and O6      |   4168 |   6091 |   5126 |   2.03 |   3.08 |   2.59 |
| CLB Registers              | 207571 | 300674 | 224673 |  23.60 |  34.80 |  26.00 |
| CARRY8                     |   3388 |   6795 |   4919 |   6.16 |  12.58 |   9.11 |
| F7 Muxes                   |   2920 |   4297 |   4042 |   1.33 |   1.99 |   1.87 |
| F8 Muxes                   |    126 |    404 |      3 |   0.11 |   0.37 |  <0.01 |
| F9 Muxes                   |      0 |      0 |      0 |   0.00 |   0.00 |   0.00 |
| Block RAM Tile             |  136.5 |  120.5 |    127 |  20.31 |  17.93 |  18.90 |
|   RAMB36/FIFO              |    129 |    118 |    121 |  19.20 |  17.56 |  18.01 |
|     RAMB36E2 only          |    129 |    118 |    121 |  19.20 |  17.56 |  18.01 |
|   RAMB18                   |     15 |      5 |     12 |   1.12 |   0.37 |   0.89 |
|     RAMB18E2 only          |     15 |      5 |     12 |   1.12 |   0.37 |   0.89 |
| URAM                       |      0 |    128 |      1 |   0.00 |  40.00 |   0.31 |
| DSPs                       |    207 |    462 |    316 |   7.19 |  15.04 |  10.29 |
| Unique Control Sets        |   5365 |   8880 |   5623 |   4.88 |   8.22 |   5.21 |
+----------------------------+--------+--------+--------+--------+--------+--------+
* Note: Available Control Sets based on CLB Registers / 8


15. SLR IO Utilization
----------------------

+-----------+-----------+---------+------------+----------+------------+----------+-----+
| SLR Index | Used IOBs | (%)IOBs | Used IPADs | (%)IPADs | Used OPADs | (%)OPADs | GTs |
+-----------+-----------+---------+------------+----------+------------+----------+-----+
| SLR2      |        15 |    7.21 |          0 |     0.00 |          0 |     0.00 |   0 |
| SLR1      |         0 |    0.00 |          0 |     0.00 |          0 |     0.00 |   0 |
| SLR0      |         1 |    0.48 |          0 |     0.00 |          0 |     0.00 |  16 |
+-----------+-----------+---------+------------+----------+------------+----------+-----+
| Total     |        16 |         |          0 |          |          0 |          |  16 |
+-----------+-----------+---------+------------+----------+------------+----------+-----+


