Copyright 1986-2022 Xilinx, Inc. All Rights Reserved.
---------------------------------------------------------------------------------------------------------------------------------------------------------------------------------------------------------------------------------------------------------------------------------------------------------------------------------------------------------------------------------------------------------------------------------------------------------------
| Tool Version : Vivado v.2022.1.2 (lin64) Build 3605665 Fri Aug  5 22:52:02 MDT 2022
| Date         : Sun Dec 10 06:37:21 2023
| Host         : brg-zhang-xcel.ece.cornell.edu running 64-bit CentOS Linux release 7.9.2009 (Core)
| Command      : report_accelerator_utilization -kernels { Bert_layer_dataflow_region_1:level0_i/ulp/Bert_layer_dataflow_region_1_1/inst:Bert_layer_dataflow_region_1_1 Bert_layer_dataflow_region_2:level0_i/ulp/Bert_layer_dataflow_region_2_1/inst:Bert_layer_dataflow_region_2_1 Bert_layer_dataflow_region_3:level0_i/ulp/Bert_layer_dataflow_region_3_1/inst:Bert_layer_dataflow_region_3_1} -file kernel_util_placed.rpt -name kernel_util_placed -json
| Design       : level0_wrapper
| Device       : xcu280
| Design State : Fully Placed
---------------------------------------------------------------------------------------------------------------------------------------------------------------------------------------------------------------------------------------------------------------------------------------------------------------------------------------------------------------------------------------------------------------------------------------------------------------

Accelerator Utilization Design Information

Table of Contents
-----------------
1. System Utilization

1. System Utilization
---------------------

+-----------------------------------+-------------------+------------------+-------------------+----------------+---------------+----------------+
| Name                              | LUT               | LUTAsMem         | REG               | BRAM           | URAM          | DSP            |
+-----------------------------------+-------------------+------------------+-------------------+----------------+---------------+----------------+
| Platform                          |  147290 [ 11.30%] |  21580 [  3.59%] |  258575 [  9.92%] |  199 [  9.87%] |   0 [  0.00%] |    4 [  0.04%] |
| User Budget                       | 1156390 [100.00%] | 579380 [100.00%] | 2348785 [100.00%] | 1817 [100.00%] | 960 [100.00%] | 9020 [100.00%] |
|    Used Resources                 |  439805 [ 38.03%] |  27272 [  4.71%] |  484848 [ 20.64%] |  209 [ 11.50%] | 259 [ 26.98%] |  949 [ 10.52%] |
|    Unused Resources               |  716585 [ 61.97%] | 552108 [ 95.29%] | 1863937 [ 79.36%] | 1608 [ 88.50%] | 701 [ 73.02%] | 8071 [ 89.48%] |
| Bert_layer_dataflow_region_1      |  100812 [  8.72%] |   7059 [  1.22%] |  118578 [  5.05%] |   70 [  3.85%] |   0 [  0.00%] |  207 [  2.29%] |
|    Bert_layer_dataflow_region_1_1 |  100812 [  8.72%] |   7059 [  1.22%] |  118578 [  5.05%] |   70 [  3.85%] |   0 [  0.00%] |  207 [  2.29%] |
| Bert_layer_dataflow_region_2      |  201045 [ 17.39%] |  10563 [  1.82%] |  208266 [  8.87%] |   50 [  2.75%] | 257 [ 26.77%] |  430 [  4.77%] |
|    Bert_layer_dataflow_region_2_1 |  201045 [ 17.39%] |  10563 [  1.82%] |  208266 [  8.87%] |   50 [  2.75%] | 257 [ 26.77%] |  430 [  4.77%] |
| Bert_layer_dataflow_region_3      |  137948 [ 11.93%] |   9650 [  1.67%] |  158004 [  6.73%] |   89 [  4.90%] |   2 [  0.21%] |  312 [  3.46%] |
|    Bert_layer_dataflow_region_3_1 |  137948 [ 11.93%] |   9650 [  1.67%] |  158004 [  6.73%] |   89 [  4.90%] |   2 [  0.21%] |  312 [  3.46%] |
+-----------------------------------+-------------------+------------------+-------------------+----------------+---------------+----------------+


